2026-07-14 10:24:24,969 DEBUG cd frappe-bench && uv venv env --seed --python python3
2026-07-14 10:24:25,381 LOG Getting frappe
2026-07-14 10:24:25,381 DEBUG cd frappe-bench/apps && git clone https://github.com/frappe/frappe.git  --depth 1 --origin upstream
2026-07-14 10:24:33,596 LOG Installing frappe
2026-07-14 10:24:33,598 DEBUG cd /home/tengyel/frappe/frappe-bench && uv pip install --quiet -e /home/tengyel/frappe/frappe-bench/apps/frappe  --python /home/tengyel/frappe/frappe-bench/env/bin/python
2026-07-14 10:25:28,402 DEBUG cd /home/tengyel/frappe/frappe-bench/apps/frappe && yarn install --check-files
2026-07-14 10:26:41,641 DEBUG cd frappe-bench && bench build
2026-07-14 10:26:41,860 INFO /home/tengyel/.local/bin/bench build
2026-07-14 10:27:24,252 LOG setting up backups
2026-07-14 10:27:24,481 LOG backups were set up
2026-07-14 10:27:24,481 INFO Bench frappe-bench initialized
2026-07-14 10:28:20,756 INFO /home/tengyel/.local/bin/bench start
2026-07-14 10:28:21,052 INFO /home/tengyel/.local/bin/bench socketio
2026-07-14 10:28:21,061 INFO /home/tengyel/.local/bin/bench schedule
2026-07-14 10:28:21,064 INFO /home/tengyel/.local/bin/bench watch
2026-07-14 10:28:21,065 INFO /home/tengyel/.local/bin/bench serve --port 8000
2026-07-14 10:28:21,072 INFO /home/tengyel/.local/bin/bench worker
2026-07-14 10:30:51,389 INFO /home/tengyel/.local/bin/bench find .
2026-07-14 10:31:13,643 INFO /home/tengyel/.local/bin/bench new-app library_management
2026-07-14 10:31:13,651 LOG creating new app library_management
2026-07-14 10:31:18,532 WARNING /home/tengyel/.local/bin/bench new-app library_management executed with exit code 1
2026-07-14 10:31:23,972 INFO /home/tengyel/.local/bin/bench new-app library_management
2026-07-14 10:31:23,979 LOG creating new app library_management
2026-07-14 10:31:47,848 WARNING /home/tengyel/.local/bin/bench new-app library_management executed with exit code 1
2026-07-14 10:31:53,795 INFO /home/tengyel/.local/bin/bench new-app library_management
2026-07-14 10:31:53,803 LOG creating new app library_management
2026-07-14 10:32:33,500 WARNING /home/tengyel/.local/bin/bench new-app library_management executed with exit code 1
2026-07-14 10:32:34,956 INFO /home/tengyel/.local/bin/bench new-app library_management
2026-07-14 10:32:34,965 LOG creating new app library_management
2026-07-14 10:33:03,206 LOG Installing library_management
2026-07-14 10:33:03,207 DEBUG cd /home/tengyel/frappe/frappe-bench && uv pip install --quiet -e /home/tengyel/frappe/frappe-bench/apps/library_management  --python /home/tengyel/frappe/frappe-bench/env/bin/python
2026-07-14 10:33:03,652 DEBUG bench build --app library_management
2026-07-14 10:33:03,845 INFO /home/tengyel/.local/bin/bench build --app library_management
2026-07-14 10:36:17,305 INFO /home/tengyel/.local/bin/bench new-site library.localhost
2026-07-14 10:36:29,525 INFO /home/tengyel/.local/bin/bench new-site library.localhost
2026-07-14 10:38:51,503 INFO /home/tengyel/.local/bin/bench new-site library.localhost
2026-07-14 10:39:39,021 INFO /home/tengyel/.local/bin/bench new-site library.localhost
2026-07-14 10:39:48,107 INFO /home/tengyel/.local/bin/bench new-site library.localhost
2026-07-14 10:53:57,533 INFO /home/tengyel/.local/bin/bench start
2026-07-14 10:53:58,085 INFO /home/tengyel/.local/bin/bench serve --port 8000
2026-07-14 10:53:58,094 INFO /home/tengyel/.local/bin/bench socketio
2026-07-14 10:53:58,102 INFO /home/tengyel/.local/bin/bench schedule
2026-07-14 10:53:58,108 INFO /home/tengyel/.local/bin/bench watch
2026-07-14 10:53:58,112 INFO /home/tengyel/.local/bin/bench worker
2026-07-14 11:06:00,526 INFO /home/tengyel/.local/bin/bench start
2026-07-14 11:06:01,184 INFO /home/tengyel/.local/bin/bench schedule
2026-07-14 11:06:01,189 INFO /home/tengyel/.local/bin/bench watch
2026-07-14 11:06:01,191 INFO /home/tengyel/.local/bin/bench socketio
2026-07-14 11:06:01,199 INFO /home/tengyel/.local/bin/bench serve --port 8000
2026-07-14 11:06:01,212 INFO /home/tengyel/.local/bin/bench worker
2026-07-14 11:18:33,668 INFO /home/tengyel/.local/bin/bench --site library.localhost install-app library_management
2026-07-14 11:18:54,175 INFO /home/tengyel/.local/bin/bench --site library.localhost list-apps
2026-07-14 11:19:25,322 INFO /home/tengyel/.local/bin/bench set-config -g developer_mode 1
2026-07-14 11:19:34,085 INFO /home/tengyel/.local/bin/bench start
2026-07-14 11:19:34,800 INFO /home/tengyel/.local/bin/bench serve --port 8000
2026-07-14 11:19:34,805 INFO /home/tengyel/.local/bin/bench watch
2026-07-14 11:19:34,808 INFO /home/tengyel/.local/bin/bench worker
2026-07-14 11:19:34,818 INFO /home/tengyel/.local/bin/bench socketio
2026-07-14 11:19:34,821 INFO /home/tengyel/.local/bin/bench schedule
2026-07-14 11:27:02,519 INFO /home/tengyel/.local/bin/bench --site library.localhost console
2026-07-14 11:41:31,268 INFO /home/tengyel/.local/bin/bench set-config -g developer_mode true
2026-07-14 11:41:34,521 INFO /home/tengyel/.local/bin/bench start
2026-07-14 11:41:35,014 INFO /home/tengyel/.local/bin/bench watch
2026-07-14 11:41:35,015 INFO /home/tengyel/.local/bin/bench socketio
2026-07-14 11:41:35,017 INFO /home/tengyel/.local/bin/bench serve --port 8000
2026-07-14 11:41:35,018 INFO /home/tengyel/.local/bin/bench schedule
2026-07-14 11:41:35,029 INFO /home/tengyel/.local/bin/bench worker
2026-07-14 12:00:02,075 INFO /home/tengyel/.local/bin/bench --verbose --site all backup
2026-07-14 12:10:31,141 INFO /home/tengyel/.local/bin/bench --site library.localhost mariadb
2026-07-16 09:35:36,557 INFO /home/tengyel/.local/bin/bench start
2026-07-16 09:35:37,023 INFO /home/tengyel/.local/bin/bench serve --port 8000
2026-07-16 09:35:37,031 INFO /home/tengyel/.local/bin/bench watch
2026-07-16 09:35:37,032 INFO /home/tengyel/.local/bin/bench socketio
2026-07-16 09:35:37,034 INFO /home/tengyel/.local/bin/bench schedule
2026-07-16 09:35:37,036 INFO /home/tengyel/.local/bin/bench worker
2026-07-16 12:00:01,436 INFO /home/tengyel/.local/bin/bench --verbose --site all backup
2026-07-20 12:00:03,045 INFO /home/tengyel/.local/bin/bench --verbose --site all backup
2026-07-22 11:58:33,524 INFO /home/tengyel/.local/bin/bench new-site irfan.cabs
2026-07-22 11:58:43,005 INFO /home/tengyel/.local/bin/bench new-site irfan.cabs
2026-07-22 11:58:58,682 INFO /home/tengyel/.local/bin/bench new-site irfan.cabs
2026-07-22 11:59:40,951 INFO /home/tengyel/.local/bin/bench start
2026-07-22 11:59:41,244 INFO /home/tengyel/.local/bin/bench serve --port 8000
2026-07-22 11:59:41,244 INFO /home/tengyel/.local/bin/bench socketio
2026-07-22 11:59:41,248 INFO /home/tengyel/.local/bin/bench watch
2026-07-22 11:59:41,250 INFO /home/tengyel/.local/bin/bench schedule
2026-07-22 11:59:41,264 INFO /home/tengyel/.local/bin/bench worker
2026-07-22 12:00:01,516 INFO /home/tengyel/.local/bin/bench --verbose --site all backup
2026-07-22 12:08:58,840 INFO /home/tengyel/.local/bin/bench use irfan.cabs
2026-07-22 12:09:06,595 INFO /home/tengyel/.local/bin/bench start
2026-07-22 12:09:06,879 INFO /home/tengyel/.local/bin/bench watch
2026-07-22 12:09:06,882 INFO /home/tengyel/.local/bin/bench socketio
2026-07-22 12:09:06,883 INFO /home/tengyel/.local/bin/bench serve --port 8000
2026-07-22 12:09:06,884 INFO /home/tengyel/.local/bin/bench schedule
2026-07-22 12:09:06,898 INFO /home/tengyel/.local/bin/bench worker
2026-07-22 12:14:22,974 INFO /home/tengyel/.local/bin/bench start
2026-07-22 12:14:23,503 INFO /home/tengyel/.local/bin/bench watch
2026-07-22 12:14:23,519 INFO /home/tengyel/.local/bin/bench schedule
2026-07-22 12:14:23,519 INFO /home/tengyel/.local/bin/bench serve --port 8000
2026-07-22 12:14:23,523 INFO /home/tengyel/.local/bin/bench worker
2026-07-22 12:14:23,526 INFO /home/tengyel/.local/bin/bench socketio
2026-07-22 12:14:26,819 INFO /home/tengyel/.local/bin/bench restart
2026-07-22 12:14:36,601 INFO /home/tengyel/.local/bin/bench restart
2026-07-22 12:15:10,940 INFO /home/tengyel/.local/bin/bench start
2026-07-22 12:15:11,220 INFO /home/tengyel/.local/bin/bench watch
2026-07-22 12:15:11,225 INFO /home/tengyel/.local/bin/bench schedule
2026-07-22 12:15:11,226 INFO /home/tengyel/.local/bin/bench worker
2026-07-22 12:15:11,228 INFO /home/tengyel/.local/bin/bench serve --port 8000
2026-07-22 12:15:11,228 INFO /home/tengyel/.local/bin/bench socketio
2026-07-22 12:18:09,792 INFO /home/tengyel/.local/bin/bench --site irfan.cabs add-to-hosts
2026-07-22 12:19:59,666 INFO /home/tengyel/.local/bin/bench start
2026-07-22 12:19:59,947 INFO /home/tengyel/.local/bin/bench watch
2026-07-22 12:19:59,948 INFO /home/tengyel/.local/bin/bench serve --port 8000
2026-07-22 12:19:59,950 INFO /home/tengyel/.local/bin/bench schedule
2026-07-22 12:19:59,952 INFO /home/tengyel/.local/bin/bench worker
2026-07-22 12:19:59,963 INFO /home/tengyel/.local/bin/bench socketio
2026-07-22 12:22:59,616 INFO /home/tengyel/.local/bin/bench start
2026-07-22 12:22:59,938 INFO /home/tengyel/.local/bin/bench serve --port 8000
2026-07-22 12:22:59,938 INFO /home/tengyel/.local/bin/bench watch
2026-07-22 12:22:59,940 INFO /home/tengyel/.local/bin/bench schedule
2026-07-22 12:22:59,944 INFO /home/tengyel/.local/bin/bench socketio
2026-07-22 12:22:59,951 INFO /home/tengyel/.local/bin/bench worker
2026-07-22 12:23:58,712 INFO /home/tengyel/.local/bin/bench list-sites
2026-07-22 12:24:58,644 INFO /home/tengyel/.local/bin/bench --site irfan.cabs show-config
2026-07-22 14:36:24,786 INFO /home/tengyel/.local/bin/bench new-site tengyel
2026-07-22 14:37:07,333 INFO /home/tengyel/.local/bin/bench start
2026-07-22 14:37:07,646 INFO /home/tengyel/.local/bin/bench worker
2026-07-22 14:37:07,658 INFO /home/tengyel/.local/bin/bench socketio
2026-07-22 14:37:07,664 INFO /home/tengyel/.local/bin/bench watch
2026-07-22 14:37:07,664 INFO /home/tengyel/.local/bin/bench serve --port 8000
2026-07-22 14:37:07,674 INFO /home/tengyel/.local/bin/bench schedule
2026-07-22 14:39:29,700 INFO /home/tengyel/.local/bin/bench --site tengyel add-to-hosts
2026-07-22 14:39:54,977 INFO /home/tengyel/.local/bin/bench start
2026-07-22 14:39:55,240 INFO /home/tengyel/.local/bin/bench serve --port 8000
2026-07-22 14:39:55,261 INFO /home/tengyel/.local/bin/bench worker
2026-07-22 14:39:55,266 INFO /home/tengyel/.local/bin/bench schedule
2026-07-22 14:39:55,270 INFO /home/tengyel/.local/bin/bench watch
2026-07-22 14:39:55,270 INFO /home/tengyel/.local/bin/bench socketio
2026-07-22 14:47:13,710 INFO /home/tengyel/.local/bin/bench drop-site tengyel
2026-07-22 14:47:20,904 INFO /home/tengyel/.local/bin/bench drop-site tengyel
2026-07-22 14:47:48,430 INFO /home/tengyel/.local/bin/bench drop-site irfan.cabs
2026-07-22 14:48:35,537 INFO /home/tengyel/.local/bin/bench new-site cabs.localhost
2026-07-22 14:49:44,230 INFO /home/tengyel/.local/bin/bench start
2026-07-22 14:49:44,712 INFO /home/tengyel/.local/bin/bench serve --port 8000
2026-07-22 14:49:44,718 INFO /home/tengyel/.local/bin/bench socketio
2026-07-22 14:49:44,719 INFO /home/tengyel/.local/bin/bench watch
2026-07-22 14:49:44,722 INFO /home/tengyel/.local/bin/bench schedule
2026-07-22 14:49:44,749 INFO /home/tengyel/.local/bin/bench worker
2026-07-22 15:07:59,316 INFO /home/tengyel/.local/bin/bench new-site irfan.cabs
2026-07-22 15:09:21,289 INFO /home/tengyel/.local/bin/bench --site irfan.cabs add-to-hosts
2026-07-22 16:42:12,600 INFO /home/tengyel/.local/bin/bench --site your-site clear-cachebench --site your-site clear-cache
2026-07-22 16:42:14,050 INFO /home/tengyel/.local/bin/bench --site your-site clear-cache
2026-07-22 16:42:15,180 INFO /home/tengyel/.local/bin/bench --site your-site clear-cache
2026-07-22 16:42:19,800 INFO /home/tengyel/.local/bin/bench --site your-site clear-website-cache
2026-07-22 16:42:25,083 INFO /home/tengyel/.local/bin/bench restart
2026-07-22 16:42:30,297 INFO /home/tengyel/.local/bin/bench start
2026-07-22 16:42:30,896 INFO /home/tengyel/.local/bin/bench socketio
2026-07-22 16:42:30,915 INFO /home/tengyel/.local/bin/bench serve --port 8000
2026-07-22 16:42:30,924 INFO /home/tengyel/.local/bin/bench watch
2026-07-22 16:42:30,928 INFO /home/tengyel/.local/bin/bench schedule
2026-07-22 16:42:30,955 INFO /home/tengyel/.local/bin/bench worker
2026-07-23 16:59:42,299 INFO /home/tengyel/.local/bin/bench start
2026-07-23 16:59:43,126 INFO /home/tengyel/.local/bin/bench watch
2026-07-23 16:59:43,126 INFO /home/tengyel/.local/bin/bench serve --port 8000
2026-07-23 16:59:43,127 INFO /home/tengyel/.local/bin/bench socketio
2026-07-23 16:59:43,153 INFO /home/tengyel/.local/bin/bench schedule
2026-07-23 16:59:43,189 INFO /home/tengyel/.local/bin/bench worker
2026-07-24 12:00:02,305 INFO /home/tengyel/.local/bin/bench --verbose --site all backup
2026-07-28 16:57:27,826 INFO /home/tengyel/.local/bin/bench start
2026-07-28 16:57:28,228 INFO /home/tengyel/.local/bin/bench socketio
2026-07-28 16:57:28,230 INFO /home/tengyel/.local/bin/bench watch
2026-07-28 16:57:28,231 INFO /home/tengyel/.local/bin/bench serve --port 8000
2026-07-28 16:57:28,244 INFO /home/tengyel/.local/bin/bench schedule
2026-07-28 16:57:28,244 INFO /home/tengyel/.local/bin/bench worker
2026-07-29 10:37:21,274 INFO /home/tengyel/.local/bin/bench new-app rentals
2026-07-29 10:37:21,283 LOG creating new app rentals
2026-07-29 10:40:09,184 LOG Installing rentals
2026-07-29 10:40:09,184 DEBUG cd /home/tengyel/frappe/frappe-bench && uv pip install --quiet -e /home/tengyel/frappe/frappe-bench/apps/rentals  --python /home/tengyel/frappe/frappe-bench/env/bin/python
2026-07-29 10:40:09,986 DEBUG bench build --app rentals
2026-07-29 10:40:10,085 INFO /home/tengyel/.local/bin/bench build --app rentals
2026-07-29 10:42:02,507 INFO /home/tengyel/.local/bin/bench --site irfan.cabs install-app rentals
2026-07-29 10:42:22,539 INFO /home/tengyel/.local/bin/bench start
2026-07-29 10:42:22,899 INFO /home/tengyel/.local/bin/bench socketio
2026-07-29 10:42:22,900 INFO /home/tengyel/.local/bin/bench serve --port 8000
2026-07-29 10:42:22,912 INFO /home/tengyel/.local/bin/bench schedule
2026-07-29 10:42:22,919 INFO /home/tengyel/.local/bin/bench watch
2026-07-29 10:42:22,925 INFO /home/tengyel/.local/bin/bench worker
2026-07-29 12:00:01,617 INFO /home/tengyel/.local/bin/bench --verbose --site all backup
2026-07-31 10:00:59,825 INFO /home/tengyel/.local/bin/bench start
2026-07-31 10:01:00,215 INFO /home/tengyel/.local/bin/bench schedule
2026-07-31 10:01:00,216 INFO /home/tengyel/.local/bin/bench serve --port 8000
2026-07-31 10:01:00,217 INFO /home/tengyel/.local/bin/bench watch
2026-07-31 10:01:00,224 INFO /home/tengyel/.local/bin/bench worker
2026-07-31 10:01:00,228 INFO /home/tengyel/.local/bin/bench socketio
2026-07-31 12:00:01,797 INFO /home/tengyel/.local/bin/bench --verbose --site all backup
2026-08-03 10:34:15,258 INFO /home/tengyel/.local/bin/bench start
2026-08-03 10:34:15,607 INFO /home/tengyel/.local/bin/bench serve --port 8000
2026-08-03 10:34:15,616 INFO /home/tengyel/.local/bin/bench schedule
2026-08-03 10:34:15,616 INFO /home/tengyel/.local/bin/bench socketio
2026-08-03 10:34:15,623 INFO /home/tengyel/.local/bin/bench watch
2026-08-03 10:34:15,628 INFO /home/tengyel/.local/bin/bench worker
2026-08-03 11:39:26,721 INFO /home/tengyel/.local/bin/bench start
2026-08-03 11:39:27,131 INFO /home/tengyel/.local/bin/bench socketio
2026-08-03 11:39:27,138 INFO /home/tengyel/.local/bin/bench watch
2026-08-03 11:39:27,138 INFO /home/tengyel/.local/bin/bench serve --port 8000
2026-08-03 11:39:27,144 INFO /home/tengyel/.local/bin/bench worker
2026-08-03 11:39:27,155 INFO /home/tengyel/.local/bin/bench schedule
2026-08-03 12:23:14,823 INFO /home/tengyel/.local/bin/bench build
2026-08-03 12:25:00,232 INFO /home/tengyel/.local/bin/bench build
2026-08-03 12:26:33,483 INFO /home/tengyel/.local/bin/bench --site library.localhost list-apps
2026-08-03 12:26:48,704 INFO /home/tengyel/.local/bin/bench setup requirements
2026-08-03 12:26:48,714 DEBUG uv pip install --quiet --upgrade pip --python /home/tengyel/frappe/frappe-bench/env/bin/python
2026-08-03 12:26:50,176 LOG Installing frappe
2026-08-03 12:26:50,188 DEBUG cd /home/tengyel/frappe/frappe-bench && uv pip install --quiet -e /home/tengyel/frappe/frappe-bench/apps/frappe  --python /home/tengyel/frappe/frappe-bench/env/bin/python
2026-08-03 12:26:52,196 DEBUG cd /home/tengyel/frappe/frappe-bench/apps/frappe && yarn install --check-files
2026-08-03 12:26:55,062 LOG Installing rentals
2026-08-03 12:26:55,062 DEBUG cd /home/tengyel/frappe/frappe-bench && uv pip install --quiet -e /home/tengyel/frappe/frappe-bench/apps/rentals  --python /home/tengyel/frappe/frappe-bench/env/bin/python
2026-08-03 12:26:57,329 INFO /home/tengyel/.local/bin/bench build
2026-08-03 12:27:17,342 INFO /home/tengyel/.local/bin/bench start
2026-08-03 12:27:17,646 INFO /home/tengyel/.local/bin/bench worker
2026-08-03 12:27:17,647 INFO /home/tengyel/.local/bin/bench socketio
2026-08-03 12:27:17,655 INFO /home/tengyel/.local/bin/bench watch
2026-08-03 12:27:17,656 INFO /home/tengyel/.local/bin/bench serve --port 8000
2026-08-03 12:27:17,667 INFO /home/tengyel/.local/bin/bench schedule
2026-08-04 09:58:40,178 INFO /home/tengyel/.local/bin/bench start
2026-08-04 09:58:41,538 INFO /home/tengyel/.local/bin/bench serve --port 8000
2026-08-04 09:58:42,076 INFO /home/tengyel/.local/bin/bench worker
2026-08-04 09:58:42,079 INFO /home/tengyel/.local/bin/bench watch
2026-08-04 09:58:42,091 INFO /home/tengyel/.local/bin/bench socketio
2026-08-04 09:58:42,178 INFO /home/tengyel/.local/bin/bench schedule
2026-08-04 12:00:03,934 INFO /home/tengyel/.local/bin/bench --verbose --site all backup
2026-08-07 10:15:10,054 INFO /home/tengyel/.local/bin/bench start
2026-08-07 10:15:11,844 INFO /home/tengyel/.local/bin/bench serve --port 8000
2026-08-07 10:15:11,847 INFO /home/tengyel/.local/bin/bench watch
2026-08-07 10:15:11,918 INFO /home/tengyel/.local/bin/bench socketio
2026-08-07 10:15:11,962 INFO /home/tengyel/.local/bin/bench worker
2026-08-07 10:15:12,087 INFO /home/tengyel/.local/bin/bench schedule
2026-08-07 12:00:01,757 INFO /home/tengyel/.local/bin/bench --verbose --site all backup
2026-08-10 09:31:56,468 INFO /home/tengyel/.local/bin/bench start
2026-08-10 09:31:57,647 INFO /home/tengyel/.local/bin/bench watch
2026-08-10 09:31:57,668 INFO /home/tengyel/.local/bin/bench socketio
2026-08-10 09:31:57,671 INFO /home/tengyel/.local/bin/bench schedule
2026-08-10 09:31:57,694 INFO /home/tengyel/.local/bin/bench serve --port 8000
2026-08-10 09:31:57,823 INFO /home/tengyel/.local/bin/bench worker
2026-08-10 09:34:15,607 INFO /home/tengyel/.local/bin/bench get-app erpnext
2026-08-10 09:34:16,503 LOG Getting erpnext
2026-08-10 09:34:16,503 DEBUG cd ./apps && git clone https://github.com/frappe/erpnext.git  --depth 1 --origin upstream
2026-08-10 09:34:34,168 LOG Installing erpnext
2026-08-10 09:34:34,168 DEBUG cd /home/tengyel/frappe/frappe-bench && uv pip install --quiet -e /home/tengyel/frappe/frappe-bench/apps/erpnext  --python /home/tengyel/frappe/frappe-bench/env/bin/python
2026-08-10 09:35:01,783 DEBUG cd /home/tengyel/frappe/frappe-bench/apps/erpnext && yarn install --check-files
2026-08-10 09:36:35,987 DEBUG bench build --app erpnext
2026-08-10 09:36:36,227 INFO /home/tengyel/.local/bin/bench build --app erpnext
2026-08-10 09:37:27,402 INFO /home/tengyel/.local/bin/bench start
2026-08-10 09:37:28,483 INFO /home/tengyel/.local/bin/bench serve --port 8000
2026-08-10 09:37:28,508 INFO /home/tengyel/.local/bin/bench watch
2026-08-10 09:37:28,517 INFO /home/tengyel/.local/bin/bench worker
2026-08-10 09:37:28,519 INFO /home/tengyel/.local/bin/bench socketio
2026-08-10 09:37:28,551 INFO /home/tengyel/.local/bin/bench schedule
2026-08-10 09:39:49,413 INFO /home/tengyel/.local/bin/bench --site rentals install-app erpnext
2026-08-10 09:40:09,007 INFO /home/tengyel/.local/bin/bench --site irfan.cabs install-app erpnext
2026-08-10 09:48:01,100 INFO /home/tengyel/.local/bin/bench --site irfan.cabs list-apps
2026-08-10 09:56:26,199 INFO /home/tengyel/.local/bin/bench --site irfan.cabs show-config
2026-08-10 09:56:51,880 INFO /home/tengyel/.local/bin/bench --site irfan.cabs mariadb
2026-08-10 09:58:11,683 INFO /home/tengyel/.local/bin/bench --site irfan.cabs set-admin-password admin
2026-08-10 09:58:29,215 INFO /home/tengyel/.local/bin/bench restart
2026-08-10 09:58:32,048 INFO /home/tengyel/.local/bin/bench start
2026-08-10 09:58:32,489 INFO /home/tengyel/.local/bin/bench schedule
2026-08-10 09:58:32,492 INFO /home/tengyel/.local/bin/bench serve --port 8000
2026-08-10 09:58:32,501 INFO /home/tengyel/.local/bin/bench socketio
2026-08-10 09:58:32,502 INFO /home/tengyel/.local/bin/bench worker
2026-08-10 09:58:32,509 INFO /home/tengyel/.local/bin/bench watch
2026-08-10 10:21:00,461 INFO /home/tengyel/.local/bin/bench clear-cache
2026-08-10 10:21:18,053 INFO /home/tengyel/.local/bin/bench clear-cache --help
2026-08-10 10:21:39,658 INFO /home/tengyel/.local/bin/bench clear-website-cache
2026-08-10 10:22:31,209 INFO /home/tengyel/.local/bin/bench --site irfan.cabs clear-cache
2026-08-10 10:22:34,575 INFO /home/tengyel/.local/bin/bench --site irfan.cabs clear-cache
2026-08-10 10:22:39,650 INFO /home/tengyel/.local/bin/bench --site irfan.cabs clear-website-cache
2026-08-10 10:22:50,783 INFO /home/tengyel/.local/bin/bench start
2026-08-10 10:22:51,074 INFO /home/tengyel/.local/bin/bench serve --port 8000
2026-08-10 10:22:51,088 INFO /home/tengyel/.local/bin/bench socketio
2026-08-10 10:22:51,088 INFO /home/tengyel/.local/bin/bench worker
2026-08-10 10:22:51,089 INFO /home/tengyel/.local/bin/bench schedule
2026-08-10 10:22:51,091 INFO /home/tengyel/.local/bin/bench watch
2026-08-10 10:24:36,303 INFO /home/tengyel/.local/bin/bench --site irfan.cabs clear-cache
2026-08-10 10:24:40,701 INFO /home/tengyel/.local/bin/bench --site irfan.cabs clear-website-cache
2026-08-10 10:24:43,983 INFO /home/tengyel/.local/bin/bench build
2026-08-10 10:25:14,284 INFO /home/tengyel/.local/bin/bench start
2026-08-10 10:25:14,576 INFO /home/tengyel/.local/bin/bench watch
2026-08-10 10:25:14,579 INFO /home/tengyel/.local/bin/bench socketio
2026-08-10 10:25:14,583 INFO /home/tengyel/.local/bin/bench worker
2026-08-10 10:25:14,591 INFO /home/tengyel/.local/bin/bench serve --port 8000
2026-08-10 10:25:14,595 INFO /home/tengyel/.local/bin/bench schedule
2026-08-10 10:36:05,681 INFO /home/tengyel/.local/bin/bench start
2026-08-10 10:36:05,946 INFO /home/tengyel/.local/bin/bench serve --port 8000
2026-08-10 10:36:05,964 INFO /home/tengyel/.local/bin/bench schedule
2026-08-10 10:36:05,966 INFO /home/tengyel/.local/bin/bench socketio
2026-08-10 10:36:05,970 INFO /home/tengyel/.local/bin/bench watch
2026-08-10 10:36:05,973 INFO /home/tengyel/.local/bin/bench worker
2026-08-10 10:39:48,125 INFO /home/tengyel/.local/bin/bench build
2026-08-10 10:40:15,219 INFO /home/tengyel/.local/bin/bench --site irfan.cabs clear-cache
2026-08-10 10:40:16,330 INFO /home/tengyel/.local/bin/bench --site irfan.cabs clear-website-cache
2026-08-10 10:40:20,477 INFO /home/tengyel/.local/bin/bench satrt
2026-08-10 10:40:23,390 INFO /home/tengyel/.local/bin/bench start
2026-08-10 10:40:23,687 INFO /home/tengyel/.local/bin/bench socketio
2026-08-10 10:40:23,692 INFO /home/tengyel/.local/bin/bench watch
2026-08-10 10:40:23,697 INFO /home/tengyel/.local/bin/bench serve --port 8000
2026-08-10 10:40:23,702 INFO /home/tengyel/.local/bin/bench worker
2026-08-10 10:40:23,707 INFO /home/tengyel/.local/bin/bench schedule
2026-08-10 12:00:07,115 INFO /home/tengyel/.local/bin/bench --verbose --site all backup
2026-08-11 09:48:19,949 INFO /home/tengyel/.local/bin/bench start
2026-08-11 09:48:20,269 INFO /home/tengyel/.local/bin/bench schedule
2026-08-11 09:48:20,275 INFO /home/tengyel/.local/bin/bench serve --port 8000
2026-08-11 09:48:20,281 INFO /home/tengyel/.local/bin/bench socketio
2026-08-11 09:48:20,284 INFO /home/tengyel/.local/bin/bench worker
2026-08-11 09:48:20,285 INFO /home/tengyel/.local/bin/bench watch
2026-08-11 12:00:01,982 INFO /home/tengyel/.local/bin/bench --verbose --site all backup
2026-08-12 09:16:19,477 INFO /home/tengyel/.local/bin/bench start
2026-08-12 09:16:21,831 INFO /home/tengyel/.local/bin/bench serve --port 8000
2026-08-12 09:16:21,917 INFO /home/tengyel/.local/bin/bench watch
2026-08-12 09:16:22,516 INFO /home/tengyel/.local/bin/bench socketio
2026-08-12 09:16:22,538 INFO /home/tengyel/.local/bin/bench schedule
2026-08-12 09:16:22,640 INFO /home/tengyel/.local/bin/bench worker
2026-08-12 10:51:50,470 INFO /home/tengyel/.local/bin/bench --site tengyel add-to-hosts
2026-08-12 10:52:10,205 INFO /home/tengyel/.local/bin/bench start
2026-08-12 10:52:10,697 INFO /home/tengyel/.local/bin/bench schedule
2026-08-12 10:52:10,745 INFO /home/tengyel/.local/bin/bench watch
2026-08-12 10:52:10,762 INFO /home/tengyel/.local/bin/bench serve --port 8000
2026-08-12 10:52:10,762 INFO /home/tengyel/.local/bin/bench socketio
2026-08-12 10:52:10,774 INFO /home/tengyel/.local/bin/bench worker
2026-08-12 10:52:57,398 INFO /home/tengyel/.local/bin/bench build
2026-08-12 10:53:23,545 INFO /home/tengyel/.local/bin/bench restart
2026-08-12 10:53:29,805 INFO /home/tengyel/.local/bin/bench start
2026-08-12 10:53:30,215 INFO /home/tengyel/.local/bin/bench serve --port 8000
2026-08-12 10:53:30,217 INFO /home/tengyel/.local/bin/bench socketio
2026-08-12 10:53:30,217 INFO /home/tengyel/.local/bin/bench watch
2026-08-12 10:53:30,223 INFO /home/tengyel/.local/bin/bench worker
2026-08-12 10:53:30,225 INFO /home/tengyel/.local/bin/bench schedule
2026-08-12 11:01:54,602 INFO /home/tengyel/.local/bin/bench version
2026-08-12 11:06:50,613 INFO /home/tengyel/.local/bin/bench --site tengyel backup
