2026-07-22 15:08:00,590 ERROR scheduler Exception in Enqueue Events for Site irfan.cabs
Traceback (most recent call last):
  File "/home/tengyel/frappe/frappe-bench/apps/frappe/frappe/utils/caching.py", line 67, in wrapper
    return _cache[func][args_key]
           ~~~~~~~~~~~~^^^^^^^^^^
KeyError: ((), <object object at 0x704332b30ef0>, frozenset({('_ensure_on_bench', True)}))

During handling of the above exception, another exception occurred:

Traceback (most recent call last):
  File "/home/tengyel/frappe/frappe-bench/apps/frappe/frappe/utils/scheduler.py", line 119, in enqueue_events_for_site
    if is_scheduler_inactive():
       ~~~~~~~~~~~~~~~~~~~~~^^
  File "/home/tengyel/frappe/frappe-bench/apps/frappe/frappe/utils/scheduler.py", line 162, in is_scheduler_inactive
    if is_scheduler_disabled(verbose=verbose):
       ~~~~~~~~~~~~~~~~~~~~~^^^^^^^^^^^^^^^^^
  File "/home/tengyel/frappe/frappe-bench/apps/frappe/frappe/utils/scheduler.py", line 174, in is_scheduler_disabled
    scheduler_disabled = not frappe.get_system_settings("enable_scheduler")
                             ~~~~~~~~~~~~~~~~~~~~~~~~~~^^^^^^^^^^^^^^^^^^^^
  File "/home/tengyel/frappe/frappe-bench/apps/frappe/frappe/core/doctype/system_settings/system_settings.py", line 265, in get_system_settings
    system_settings = frappe.client_cache.get_doc("System Settings")
  File "/home/tengyel/frappe/frappe-bench/apps/frappe/frappe/utils/redis_wrapper.py", line 581, in get_doc
    return self.get_value(key, generator=lambda: frappe.get_doc(doctype, name))
           ~~~~~~~~~~~~~~^^^^^^^^^^^^^^^^^^^^^^^^^^^^^^^^^^^^^^^^^^^^^^^^^^^^^^
  File "/home/tengyel/frappe/frappe-bench/apps/frappe/frappe/utils/redis_wrapper.py", line 544, in get_value
    val = generator()
  File "/home/tengyel/frappe/frappe-bench/apps/frappe/frappe/utils/redis_wrapper.py", line 581, in <lambda>
    return self.get_value(key, generator=lambda: frappe.get_doc(doctype, name))
                                                 ~~~~~~~~~~~~~~^^^^^^^^^^^^^^^
  File "/home/tengyel/frappe/frappe-bench/apps/frappe/frappe/model/utils/__init__.py", line 225, in wrapper
    return dispatch(args[0])(*args, **kw)
           ~~~~~~~~~~~~~~~~~^^^^^^^^^^^^^
  File "/home/tengyel/frappe/frappe-bench/apps/frappe/frappe/model/document.py", line 143, in get_doc_str
    if controller := get_controller(doctype):
                     ~~~~~~~~~~~~~~^^^^^^^^^
  File "/home/tengyel/frappe/frappe-bench/apps/frappe/frappe/model/base_document.py", line 126, in get_controller
    site_controllers[doctype] = import_controller(doctype)
                                ~~~~~~~~~~~~~~~~~^^^^^^^^^
  File "/home/tengyel/frappe/frappe-bench/apps/frappe/frappe/model/base_document.py", line 137, in import_controller
    doctype_info = frappe.db.get_value("DocType", doctype, ("module", "custom", "is_tree"), as_dict=True)
  File "/home/tengyel/frappe/frappe-bench/apps/frappe/frappe/database/database.py", line 567, in get_value
    result = self.get_values(
    	doctype,
    ...<13 lines>...
    	wait=wait,
    )
  File "/home/tengyel/frappe/frappe-bench/apps/frappe/frappe/database/database.py", line 670, in get_values
    query = frappe.qb.get_query(
    	table=doctype,
    ...<7 lines>...
    	limit=limit,
    )
  File "/home/tengyel/frappe/frappe-bench/apps/frappe/frappe/query_builder/utils.py", line 65, in get_query
    return Engine().get_query(*args, **kwargs)
           ~~~~~~~~~~~~~~~~~~^^^^^^^^^^^^^^^^^
  File "/home/tengyel/frappe/frappe-bench/apps/frappe/frappe/database/query.py", line 300, in get_query
    self.apply_filters(filters)
    ~~~~~~~~~~~~~~~~~~^^^^^^^^^
  File "/home/tengyel/frappe/frappe-bench/apps/frappe/frappe/database/query.py", line 405, in apply_filters
    self.apply_dict_filters(filters, collect=collect)
    ~~~~~~~~~~~~~~~~~~~~~~~^^^^^^^^^^^^^^^^^^^^^^^^^^
  File "/home/tengyel/frappe/frappe-bench/apps/frappe/frappe/database/query.py", line 544, in apply_dict_filters
    self._apply_filter(field, value, operator, collect=collect)
    ~~~~~~~~~~~~~~~~~~^^^^^^^^^^^^^^^^^^^^^^^^^^^^^^^^^^^^^^^^^
  File "/home/tengyel/frappe/frappe-bench/apps/frappe/frappe/database/query.py", line 555, in _apply_filter
    criterion = self._build_criterion_for_simple_filter(field, value, operator, doctype)
  File "/home/tengyel/frappe/frappe-bench/apps/frappe/frappe/database/query.py", line 573, in _build_criterion_for_simple_filter
    additional_filters_config = get_additional_filters_from_hooks()
  File "/home/tengyel/frappe/frappe-bench/apps/frappe/frappe/boot.py", line 357, in get_additional_filters_from_hooks
    filter_hooks = frappe.get_hooks("filters_config")
  File "/home/tengyel/frappe/frappe-bench/apps/frappe/frappe/__init__.py", line 1047, in get_hooks
    hooks = _site_cached_load_app_hooks()
  File "/home/tengyel/frappe/frappe-bench/apps/frappe/frappe/utils/caching.py", line 160, in site_cache_wrapper
    result = func(*args, **kwargs)
  File "/home/tengyel/frappe/frappe-bench/apps/frappe/frappe/__init__.py", line 1009, in _load_app_hooks
    apps = [app_name] if app_name else get_installed_apps(_ensure_on_bench=True)
                                       ~~~~~~~~~~~~~~~~~~^^^^^^^^^^^^^^^^^^^^^^^
  File "/home/tengyel/frappe/frappe-bench/apps/frappe/frappe/utils/caching.py", line 73, in wrapper
    return_val = func(*args, **kwargs)
  File "/home/tengyel/frappe/frappe-bench/apps/frappe/frappe/apps.py", line 157, in get_installed_apps
    installed = orjson.loads(frappe.db.get_global("installed_apps") or "[]")
                             ~~~~~~~~~~~~~~~~~~~~^^^^^^^^^^^^^^^^^^
  File "/home/tengyel/frappe/frappe-bench/apps/frappe/frappe/database/database.py", line 1147, in get_global
    return self.get_default(key, user)
           ~~~~~~~~~~~~~~~~^^^^^^^^^^^
  File "/home/tengyel/frappe/frappe-bench/apps/frappe/frappe/database/database.py", line 1151, in get_default
    d = self.get_defaults(key, parent)
  File "/home/tengyel/frappe/frappe-bench/apps/frappe/frappe/database/database.py", line 1167, in get_defaults
    defaults = frappe.defaults.get_defaults_for(parent)
  File "/home/tengyel/frappe/frappe-bench/apps/frappe/frappe/defaults.py", line 249, in get_defaults_for
    .run(as_dict=True)
     ~~~^^^^^^^^^^^^^^
  File "/home/tengyel/frappe/frappe-bench/apps/frappe/frappe/query_builder/utils.py", line 139, in execute_query
    result = frappe.local.db.sql(query, params, *args, **kwargs)  # nosemgrep
  File "/home/tengyel/frappe/frappe-bench/apps/frappe/frappe/database/database.py", line 250, in sql
    self.connect()
    ~~~~~~~~~~~~^^
  File "/home/tengyel/frappe/frappe-bench/apps/frappe/frappe/database/database.py", line 147, in connect
    self.get_connection()
    ~~~~~~~~~~~~~~~~~~~^^
  File "/home/tengyel/frappe/frappe-bench/apps/frappe/frappe/database/mariadb/mysqlclient.py", line 115, in get_connection
    conn = self._get_connection()
  File "/home/tengyel/frappe/frappe-bench/apps/frappe/frappe/database/mariadb/mysqlclient.py", line 120, in _get_connection
    return self.create_connection()
           ~~~~~~~~~~~~~~~~~~~~~~^^
  File "/home/tengyel/frappe/frappe-bench/apps/frappe/frappe/database/mariadb/mysqlclient.py", line 123, in create_connection
    return MySQLdb.connect(**self.get_connection_settings())
           ~~~~~~~~~~~~~~~^^^^^^^^^^^^^^^^^^^^^^^^^^^^^^^^^^
  File "/home/tengyel/frappe/frappe-bench/env/lib/python3.14/site-packages/MySQLdb/__init__.py", line 121, in Connect
    return Connection(*args, **kwargs)
  File "/home/tengyel/frappe/frappe-bench/env/lib/python3.14/site-packages/MySQLdb/connections.py", line 206, in __init__
    super().__init__(*args, **kwargs2)
    ~~~~~~~~~~~~~~~~^^^^^^^^^^^^^^^^^^
MySQLdb.OperationalError: (1045, "Access denied for user '_3555f65c786805a6'@'localhost' (using password: YES)")
2026-08-12 10:56:00,934 ERROR scheduler Skipped queueing frappe.email.queue.flush because it was found in queue for library.localhost
2026-08-12 11:00:01,040 ERROR scheduler Skipped queueing frappe.email.queue.flush because it was found in queue for library.localhost
2026-08-12 11:04:00,077 ERROR scheduler Skipped queueing frappe.email.queue.flush because it was found in queue for library.localhost
